lib/api/courses.ts(14,41): error TS2769: No overload matches this call.
  Overload 1 of 2, '(values: never, options?: { count?: "exact" | "planned" | "estimated" | undefined; } | undefined): PostgrestFilterBuilder<{ PostgrestVersion: "12"; }, never, never, null, "courses", never, "POST">', gave the following error.
    Argument of type '{ id?: string | undefined; title: string; description?: string | null | undefined; instructor_id: string; pedagogy_style?: string | undefined; is_active?: boolean | undefined; }' is not assignable to parameter of type 'never'.
  Overload 2 of 2, '(values: never[], options?: { count?: "exact" | "planned" | "estimated" | undefined; defaultToNull?: boolean | undefined; } | undefined): PostgrestFilterBuilder<{ PostgrestVersion: "12"; }, never, never, null, "courses", never, "POST">', gave the following error.
    Argument of type '{ id?: string | undefined; title: string; description?: string | null | undefined; instructor_id: string; pedagogy_style?: string | undefined; is_active?: boolean | undefined; }' is not assignable to parameter of type 'never[]'.
      Type '{ id?: string | undefined; title: string; description?: string | null | undefined; instructor_id: string; pedagogy_style?: string | undefined; is_active?: boolean | undefined; }' is missing the following properties from type 'never[]': length, pop, push, concat, and 35 more.
lib/api/courses.ts(17,41): error TS2345: Argument of type '{ title?: string | undefined; description?: string | null | undefined; instructor_id?: string | undefined; pedagogy_style?: string | undefined; is_active?: boolean | undefined; updated_at?: string | undefined; }' is not assignable to parameter of type 'never'.
lib/api/grades.ts(17,40): error TS2769: No overload matches this call.
  Overload 1 of 2, '(values: never, options?: { count?: "exact" | "planned" | "estimated" | undefined; } | undefined): PostgrestFilterBuilder<{ PostgrestVersion: "12"; }, never, never, null, "grades", never, "POST">', gave the following error.
    Argument of type '{ id?: string | undefined; project_id: string; student_id: string; score?: number | null | undefined; feedback?: string | null | undefined; status?: string | undefined; }' is not assignable to parameter of type 'never'.
  Overload 2 of 2, '(values: never[], options?: { count?: "exact" | "planned" | "estimated" | undefined; defaultToNull?: boolean | undefined; } | undefined): PostgrestFilterBuilder<{ PostgrestVersion: "12"; }, never, never, null, "grades", never, "POST">', gave the following error.
    Argument of type '{ id?: string | undefined; project_id: string; student_id: string; score?: number | null | undefined; feedback?: string | null | undefined; status?: string | undefined; }' is not assignable to parameter of type 'never[]'.
      Type '{ id?: string | undefined; project_id: string; student_id: string; score?: number | null | undefined; feedback?: string | null | undefined; status?: string | undefined; }' is missing the following properties from type 'never[]': length, pop, push, concat, and 35 more.
lib/api/grades.ts(20,40): error TS2345: Argument of type '{ score?: number | null | undefined; feedback?: string | null | undefined; status?: string | undefined; updated_at?: string | undefined; }' is not assignable to parameter of type 'never'.
lib/api/lectures.ts(14,42): error TS2769: No overload matches this call.
  Overload 1 of 2, '(values: never, options?: { count?: "exact" | "planned" | "estimated" | undefined; } | undefined): PostgrestFilterBuilder<{ PostgrestVersion: "12"; }, never, never, null, "lectures", never, "POST">', gave the following error.
    Argument of type '{ id?: string | undefined; course_id: string; title: string; content?: string | null | undefined; order_index?: number | undefined; }' is not assignable to parameter of type 'never'.
  Overload 2 of 2, '(values: never[], options?: { count?: "exact" | "planned" | "estimated" | undefined; defaultToNull?: boolean | undefined; } | undefined): PostgrestFilterBuilder<{ PostgrestVersion: "12"; }, never, never, null, "lectures", never, "POST">', gave the following error.
    Argument of type '{ id?: string | undefined; course_id: string; title: string; content?: string | null | undefined; order_index?: number | undefined; }' is not assignable to parameter of type 'never[]'.
      Type '{ id?: string | undefined; course_id: string; title: string; content?: string | null | undefined; order_index?: number | undefined; }' is missing the following properties from type 'never[]': length, pop, push, concat, and 35 more.
lib/api/lectures.ts(17,42): error TS2345: Argument of type '{ title?: string | undefined; content?: string | null | undefined; order_index?: number | undefined; updated_at?: string | undefined; }' is not assignable to parameter of type 'never'.
lib/api/projects.ts(14,42): error TS2769: No overload matches this call.
  Overload 1 of 2, '(values: never, options?: { count?: "exact" | "planned" | "estimated" | undefined; } | undefined): PostgrestFilterBuilder<{ PostgrestVersion: "12"; }, never, never, null, "projects", never, "POST">', gave the following error.
    Argument of type '{ id?: string | undefined; course_id: string; title: string; description?: string | null | undefined; due_date?: string | null | undefined; max_score?: number | undefined; }' is not assignable to parameter of type 'never'.
  Overload 2 of 2, '(values: never[], options?: { count?: "exact" | "planned" | "estimated" | undefined; defaultToNull?: boolean | undefined; } | undefined): PostgrestFilterBuilder<{ PostgrestVersion: "12"; }, never, never, null, "projects", never, "POST">', gave the following error.
    Argument of type '{ id?: string | undefined; course_id: string; title: string; description?: string | null | undefined; due_date?: string | null | undefined; max_score?: number | undefined; }' is not assignable to parameter of type 'never[]'.
      Type '{ id?: string | undefined; course_id: string; title: string; description?: string | null | undefined; due_date?: string | null | undefined; max_score?: number | undefined; }' is missing the following properties from type 'never[]': length, pop, push, concat, and 35 more.
lib/api/projects.ts(17,42): error TS2345: Argument of type '{ title?: string | undefined; description?: string | null | undefined; due_date?: string | null | undefined; max_score?: number | undefined; updated_at?: string | undefined; }' is not assignable to parameter of type 'never'.
lib/hooks/useLeaderboard.ts(5,31): error TS2558: Expected 0 type arguments, but got 1.
lib/hooks/useNotifications.ts(5,37): error TS2558: Expected 0 type arguments, but got 1.
