lib/api/courses.ts(14,41): error TS2769: No overload matches this call.
lib/api/courses.ts(17,41): error TS2345: Argument of type '{ title?: string | undefined; description?: string | null | undefined; instructor_id?: string | undefined; pedagogy_style?: string | undefined; is_active?: boolean | undefined; updated_at?: string | undefined; }' is not assignable to parameter of type 'never'.
lib/api/grades.ts(17,40): error TS2769: No overload matches this call.
lib/api/grades.ts(20,40): error TS2345: Argument of type '{ score?: number | null | undefined; feedback?: string | null | undefined; status?: string | undefined; updated_at?: string | undefined; }' is not assignable to parameter of type 'never'.
lib/api/lectures.ts(14,42): error TS2769: No overload matches this call.
lib/api/lectures.ts(17,42): error TS2345: Argument of type '{ title?: string | undefined; content?: string | null | undefined; order_index?: number | undefined; updated_at?: string | undefined; }' is not assignable to parameter of type 'never'.
lib/api/projects.ts(14,42): error TS2769: No overload matches this call.
lib/api/projects.ts(17,42): error TS2345: Argument of type '{ title?: string | undefined; description?: string | null | undefined; due_date?: string | null | undefined; max_score?: number | undefined; updated_at?: string | undefined; }' is not assignable to parameter of type 'never'.
lib/hooks/useLeaderboard.ts(5,31): error TS2558: Expected 0 type arguments, but got 1.
lib/hooks/useNotifications.ts(5,37): error TS2558: Expected 0 type arguments, but got 1.
